---
source: tket-qsystem/src/llvm/globals.rs
expression: mod_str
---
; ModuleID = 'test_context'
source_filename = "test_context"

@__globals__.my_global = global { i1, i16 } { i1 false, i16 poison }

define internal { i16, i1 } @_hl.main.1(i16 %0, ptr %1, i1 %2, i16 %3) !dbg !3 {
alloca_block:
  %"0" = alloca i16, align 2
  %"1" = alloca i1, align 1
  %"2_0" = alloca i16, align 2
  %"2_1" = alloca ptr, align 8
  %"2_2" = alloca i1, align 1
  %"2_3" = alloca i16, align 2
  %"4_0" = alloca i16, align 2
  %"4_1" = alloca i1, align 1
  br label %entry_block

entry_block:                                      ; preds = %alloca_block
  store i16 %0, ptr %"2_0", align 2
  store ptr %1, ptr %"2_1", align 8
  store i1 %2, ptr %"2_2", align 1
  store i16 %3, ptr %"2_3", align 2
  %"2_01" = load i16, ptr %"2_0", align 2
  %"2_12" = load ptr, ptr %"2_1", align 8
  %"2_23" = load i1, ptr %"2_2", align 1
  %"2_34" = load i16, ptr %"2_3", align 2
  %start_value = load { i1, i16 }, ptr @__globals__.my_global, align 2, !dbg !12
  %4 = insertvalue { i1, i16 } { i1 true, i16 poison }, i16 %"2_01", 1, !dbg !12
  store { i1, i16 } %4, ptr @__globals__.my_global, align 2, !dbg !12
  %call_func = call i1 %"2_12"(i1 %"2_23", i16 %"2_34"), !dbg !12
  %end_value = load { i1, i16 }, ptr @__globals__.my_global, align 2, !dbg !12
  %5 = extractvalue { i1, i16 } %end_value, 1, !dbg !12
  store { i1, i16 } %start_value, ptr @__globals__.my_global, align 2, !dbg !12
  store i16 %5, ptr %"4_0", align 2, !dbg !12
  store i1 %call_func, ptr %"4_1", align 1, !dbg !12
  %"4_05" = load i16, ptr %"4_0", align 2
  %"4_16" = load i1, ptr %"4_1", align 1
  store i16 %"4_05", ptr %"0", align 2
  store i1 %"4_16", ptr %"1", align 1
  %"07" = load i16, ptr %"0", align 2
  %"18" = load i1, ptr %"1", align 1
  %mrv = insertvalue { i16, i1 } poison, i16 %"07", 0
  %mrv9 = insertvalue { i16, i1 } %mrv, i1 %"18", 1
  ret { i16, i1 } %mrv9
}

!llvm.module.flags = !{!0}
!llvm.dbg.cu = !{!1}

!0 = !{i32 2, !"Debug Info Version", i32 3}
!1 = distinct !DICompileUnit(language: DW_LANG_Python, file: !2, producer: "hugr_llvm_test", isOptimized: false, runtimeVersion: 0, emissionKind: FullDebug)
!2 = !DIFile(filename: "/cmJrSnVYeXFf/zCkHdtWCCnkJhPKiWSKICgZuRNRvR/mbrfVq.gpy.py", directory: "/lPNzlV/ClAphFG/yrhvZs/eDgUn/eIVwAutKJHaZEPSZwPXPeycUvnujGxZ")
!3 = distinct !DISubprogram(name: "_hl.main.1", linkageName: "_hl.main.1", scope: null, file: !4, line: 25254, type: !5, scopeLine: 25255, spFlags: DISPFlagLocalToUnit | DISPFlagDefinition, unit: !1)
!4 = !DIFile(filename: "/cmJrSnVYeXFf/zCkHdtWCCnkJhPKiWSKICgZuRNRvR/mbrfVq.gpy.py", directory: "")
!5 = !DISubroutineType(types: !6)
!6 = !{!7, !9, !11, !10, !9}
!7 = !DICompositeType(tag: DW_TAG_structure_type, name: "{ i16, i1 }", file: !2, size: 16, align: 8, elements: !8)
!8 = !{!9, !10}
!9 = !DIBasicType(name: "i16", size: 16, encoding: DW_ATE_unsigned)
!10 = !DIBasicType(name: "i1", size: 1, encoding: DW_ATE_unsigned)
!11 = !DIBasicType(name: "ptr", size: 64, encoding: DW_ATE_address)
!12 = !DILocation(line: 27062, column: 402, scope: !3)
