---
source: tket-qsystem/src/llvm/random.rs
expression: mod_str
---
; ModuleID = 'test_context'
source_filename = "test_context"

define internal { i32, {} } @_hl.main.1({} %0, i32 %1) !dbg !3 {
alloca_block:
  br label %entry_block

entry_block:                                      ; preds = %alloca_block
  %rintb = call i32 @random_rng(i32 %1), !dbg !12
  %mrv = insertvalue { i32, {} } poison, i32 %rintb, 0
  %mrv7 = insertvalue { i32, {} } %mrv, {} zeroinitializer, 1
  ret { i32, {} } %mrv7
}

declare i32 @random_rng(i32)

!llvm.module.flags = !{!0}
!llvm.dbg.cu = !{!1}

!0 = !{i32 2, !"Debug Info Version", i32 3}
!1 = distinct !DICompileUnit(language: DW_LANG_Python, file: !2, producer: "hugr_llvm_test", isOptimized: false, runtimeVersion: 0, emissionKind: FullDebug)
!2 = !DIFile(filename: "/cmJrSnVYeXFf/zCkHdtWCCnkJhPKiWSKICgZuRNRvR/mbrfVq.gpy.py", directory: "/lPNzlV/ClAphFG/yrhvZs/eDgUn/eIVwAutKJHaZEPSZwPXPeycUvnujGxZ")
!3 = distinct !DISubprogram(name: "_hl.main.1", linkageName: "_hl.main.1", scope: null, file: !4, line: 25254, type: !5, scopeLine: 25255, spFlags: DISPFlagLocalToUnit | DISPFlagDefinition, unit: !1)
!4 = !DIFile(filename: "/cmJrSnVYeXFf/zCkHdtWCCnkJhPKiWSKICgZuRNRvR/mbrfVq.gpy.py", directory: "")
!5 = !DISubroutineType(types: !6)
!6 = !{!7, !10, !9}
!7 = !DICompositeType(tag: DW_TAG_structure_type, name: "{ i32, {} }", file: !2, size: 32, align: 8, elements: !8)
!8 = !{!9, !10}
!9 = !DIBasicType(name: "i32", size: 32, encoding: DW_ATE_unsigned)
!10 = !DICompositeType(tag: DW_TAG_structure_type, name: "{}", file: !2, align: 8, elements: !11)
!11 = !{}
!12 = !DILocation(line: 27062, column: 402, scope: !3)
