---
source: qis-compiler/rust/gpu.rs
expression: mod_str
---
; ModuleID = 'test_context'
source_filename = "test_context"

define internal i64 @_hl.main.1({} %0) {
alloca_block:
  %"0" = alloca i64, align 8
  %"2_0" = alloca {}, align 8
  %"4_0" = alloca i64, align 8
  br label %entry_block

entry_block:                                      ; preds = %alloca_block
  store {} %0, ptr %"2_0", align 1
  %"2_01" = load {}, ptr %"2_0", align 1
  store i64 42, ptr %"4_0", align 4
  %"4_02" = load i64, ptr %"4_0", align 4
  store i64 %"4_02", ptr %"0", align 4
  %"03" = load i64, ptr %"0", align 4
  ret i64 %"03"
}
